// Jest Snapshot v1, https://goo.gl/fbAQLP

exports[`DeleteConfirmationDialog Should render 1`] = `
<View
  style={
    {
      "alignItems": "center",
      "flex": 1,
      "justifyContent": "center",
    }
  }
>
  <Modal
    animationType="none"
    hardwareAccelerated={false}
    onHide={[Function]}
    renderToHardwareTextureAndroid={true}
    transparent={true}
    useNativeDriver={false}
    visible={true}
  >
    <View
      accessibilityState={
        {
          "busy": undefined,
          "checked": undefined,
          "disabled": undefined,
          "expanded": undefined,
          "selected": undefined,
        }
      }
      accessible={true}
      collapsable={false}
      focusable={true}
      onClick={[Function]}
      onResponderGrant={[Function]}
      onResponderMove={[Function]}
      onResponderRelease={[Function]}
      onResponderTerminate={[Function]}
      onResponderTerminationRequest={[Function]}
      onStartShouldSetResponder={[Function]}
      style={
        {
          "backgroundColor": "black",
          "bottom": 0,
          "left": 0,
          "opacity": 0,
          "position": "absolute",
          "right": 0,
          "top": 0,
        }
      }
    />
    <View
      collapsable={false}
      needsOffscreenAlphaCompositing={true}
      pointerEvents="box-none"
      style={
        {
          "alignItems": "center",
          "flex": 1,
          "justifyContent": "center",
          "opacity": 0,
          "transform": [
            {
              "scale": 1.2,
            },
          ],
        }
      }
    >
      <View
        onLayout={[Function]}
        style={
          [
            {
              "marginTop": 22,
            },
            {
              "paddingBottom": 0,
            },
          ]
        }
      >
        <View
          style={
            [
              {
                "borderRadius": 13,
                "flexDirection": "column",
                "overflow": "hidden",
                "width": 270,
              },
              {
                "backgroundColor": "#ffffff",
                "color": "#000000",
              },
            ]
          }
        >
          <View
            style={
              [
                {
                  "backgroundColor": {
                    "semantic": [
                      "systemGray6",
                    ],
                  },
                  "bottom": 0,
                  "left": 0,
                  "position": "absolute",
                  "right": 0,
                  "top": 0,
                },
                undefined,
              ]
            }
          />
          <View
            style={
              [
                {
                  "margin": 18,
                },
                {
                  "backgroundColor": "#ffffff",
                  "color": "#000000",
                },
              ]
            }
          >
            <Text
              style={
                [
                  {
                    "color": {
                      "semantic": [
                        "label",
                      ],
                    },
                    "fontSize": 18,
                    "fontWeight": "600",
                    "textAlign": "center",
                  },
                  undefined,
                ]
              }
            >
              delete_confirmation_header
            </Text>
            <Text
              style={
                [
                  {
                    "color": {
                      "semantic": [
                        "label",
                      ],
                    },
                    "fontSize": 13,
                    "marginTop": 4,
                    "textAlign": "center",
                  },
                  undefined,
                ]
              }
            >
              delete_confirmation_description
            </Text>
          </View>
          <View
            style={
              {
                "backgroundColor": {
                  "semantic": [
                    "separator",
                  ],
                },
                "height": 0.5,
                "width": "100%",
              }
            }
          />
          <View
            style={
              [
                {
                  "flexDirection": "row",
                  "justifyContent": "space-between",
                },
                null,
                {
                  "backgroundColor": "#ffffff",
                  "color": "#000000",
                },
              ]
            }
          >
            <View
              accessibilityState={
                {
                  "busy": undefined,
                  "checked": undefined,
                  "disabled": false,
                  "expanded": undefined,
                  "selected": undefined,
                }
              }
              accessibilityValue={
                {
                  "max": undefined,
                  "min": undefined,
                  "now": undefined,
                  "text": undefined,
                }
              }
              accessible={true}
              collapsable={false}
              focusable={true}
              onClick={[Function]}
              onResponderGrant={[Function]}
              onResponderMove={[Function]}
              onResponderRelease={[Function]}
              onResponderTerminate={[Function]}
              onResponderTerminationRequest={[Function]}
              onStartShouldSetResponder={[Function]}
              style={
                {
                  "alignItems": "center",
                  "flexGrow": 1,
                  "flexShrink": 1,
                  "height": 46,
                  "justifyContent": "center",
                  "opacity": 1,
                }
              }
            >
              <Text
                style={
                  [
                    {
                      "backgroundColor": "transparent",
                      "color": {
                        "semantic": [
                          "link",
                        ],
                      },
                      "fontSize": 17,
                      "textAlign": "center",
                    },
                    {
                      "color": "#007ff9",
                      "fontWeight": "normal",
                    },
                    undefined,
                  ]
                }
                testID="cancel-button"
              >
                cancel
              </Text>
            </View>
            <View
              style={
                [
                  {
                    "backgroundColor": {
                      "semantic": [
                        "separator",
                      ],
                    },
                    "height": "100%",
                    "width": 0.5,
                  },
                  undefined,
                ]
              }
            />
            <View
              accessibilityState={
                {
                  "busy": undefined,
                  "checked": undefined,
                  "disabled": false,
                  "expanded": undefined,
                  "selected": undefined,
                }
              }
              accessibilityValue={
                {
                  "max": undefined,
                  "min": undefined,
                  "now": undefined,
                  "text": undefined,
                }
              }
              accessible={true}
              collapsable={false}
              focusable={true}
              onClick={[Function]}
              onResponderGrant={[Function]}
              onResponderMove={[Function]}
              onResponderRelease={[Function]}
              onResponderTerminate={[Function]}
              onResponderTerminationRequest={[Function]}
              onStartShouldSetResponder={[Function]}
              style={
                {
                  "alignItems": "center",
                  "flexGrow": 1,
                  "flexShrink": 1,
                  "height": 46,
                  "justifyContent": "center",
                  "opacity": 1,
                }
              }
            >
              <Text
                style={
                  [
                    {
                      "backgroundColor": "transparent",
                      "color": {
                        "semantic": [
                          "link",
                        ],
                      },
                      "fontSize": 17,
                      "textAlign": "center",
                    },
                    {
                      "color": "#007ff9",
                      "fontWeight": "600",
                    },
                    undefined,
                  ]
                }
                testID="delete-button"
              >
                delete
              </Text>
            </View>
          </View>
        </View>
      </View>
    </View>
  </Modal>
</View>
`;
