// Jest Snapshot v1, https://goo.gl/fbAQLP

exports[`ServiceButton Should render 1`] = `
<View
  style={
    {
      "borderColor": "#ccccccc",
      "borderRadius": 21,
      "borderWidth": 1,
      "height": 42,
      "margin": 5,
      "padding": 3,
      "width": 42,
    }
  }
>
  <View
    accessibilityState={
      {
        "busy": undefined,
        "checked": undefined,
        "disabled": undefined,
        "expanded": undefined,
        "selected": undefined,
      }
    }
    accessibilityValue={
      {
        "max": undefined,
        "min": undefined,
        "now": undefined,
        "text": undefined,
      }
    }
    accessible={true}
    collapsable={false}
    focusable={true}
    onBlur={[Function]}
    onClick={[Function]}
    onFocus={[Function]}
    onResponderGrant={[Function]}
    onResponderMove={[Function]}
    onResponderRelease={[Function]}
    onResponderTerminate={[Function]}
    onResponderTerminationRequest={[Function]}
    onStartShouldSetResponder={[Function]}
    style={
      {
        "alignItems": "center",
        "backgroundColor": "#ffffff",
        "borderRadius": 21,
        "flex": 1,
        "justifyContent": "center",
      }
    }
    testID="serviceButton-edit"
  >
    <MaterialIcons
      color="#555555"
      name="edit"
      size={18}
    />
  </View>
</View>
`;
